   1               		.file	"Enkidu4.c"
   2               	__SREG__ = 0x3f
   3               	__SP_H__ = 0x3e
   4               	__SP_L__ = 0x3d
   5               	__CCP__ = 0x34
   6               	__tmp_reg__ = 0
   7               	__zero_reg__ = 1
  15               	.Ltext0:
  16               		.section	.text.SetupHardware,"ax",@progbits
  17               	.global	SetupHardware
  19               	SetupHardware:
  20               	.LFB103:
  21               	.LSM0:
  22               	/* prologue: function */
  23               	/* frame size = 0 */
  24               	/* stack size = 0 */
  25               	.L__stack_usage = 0
  26               	.LSM1:
  27 0000 84B7      		in r24,84-32
  28 0002 877F      		andi r24,lo8(-9)
  29 0004 84BF      		out 84-32,r24
  30               	.LSM2:
  31 0006 88E1      		ldi r24,lo8(24)
  32               	/* #APP */
  33               	 ;  53 "Enkidu4.c" 1
  34 0008 0FB6      		in __tmp_reg__, __SREG__
  35 000a F894      		cli
  36 000c 8093 6000 		sts 96, r24
  37 0010 1092 6000 		sts 96, __zero_reg__
  38 0014 0FBE      		out __SREG__,__tmp_reg__
  39               		
  40               	 ;  0 "" 2
  41               	.LVL0:
  42               	/* #NOAPP */
  43               	.LBB21:
  44               	.LSM3:
  45 0016 20E8      		ldi r18,lo8(-128)
  46 0018 80E0      		ldi r24,lo8(0)
  47 001a 90E0      		ldi r25,hi8(0)
  48               	/* #APP */
  49               	 ;  56 "Enkidu4.c" 1
  50 001c 0FB6      		in __tmp_reg__,__SREG__
  51 001e F894      		cli
  52 0020 2093 6100 		sts 97, r18
  53 0024 8093 6100 		sts 97, r24
  54 0028 0FBE      		out __SREG__, __tmp_reg__
  55               	 ;  0 "" 2
  56               	/* #NOAPP */
  57               	.LBE21:
  58               	.LSM4:
  59 002a 81E8      		ldi r24,lo8(-127)
  60 002c 85BF      		out 85-32,r24
  61               	.LSM5:
  62 002e 25BF      		out 85-32,r18
  63               	.LSM6:
  64 0030 1AB8      		out 42-32,__zero_reg__
  65               	.LSM7:
  66 0032 8FEF      		ldi r24,lo8(-1)
  67 0034 8BB9      		out 43-32,r24
  68               	.LSM8:
  69 0036 14B8      		out 36-32,__zero_reg__
  70               	.LSM9:
  71 0038 85B9      		out 37-32,r24
  72               	.LSM10:
  73 003a 17B8      		out 39-32,__zero_reg__
  74               	.LSM11:
  75 003c 80EC      		ldi r24,lo8(-64)
  76 003e 88B9      		out 40-32,r24
  77               	.LSM12:
  78 0040 1DB8      		out 45-32,__zero_reg__
  79               	.LSM13:
  80 0042 84E4      		ldi r24,lo8(68)
  81 0044 8EB9      		out 46-32,r24
  82               	.LSM14:
  83 0046 10BA      		out 48-32,__zero_reg__
  84               	.LSM15:
  85 0048 83EF      		ldi r24,lo8(-13)
  86 004a 81BB      		out 49-32,r24
  87               	.LBB22:
  88               	.LBB23:
  89               	.LSM16:
  90 004c 6A98      		cbi 45-32,2
  91               	.LSM17:
  92 004e 729A      		sbi 46-32,2
  93               	.LBE23:
  94               	.LBE22:
  95               	.LSM18:
  96               	/* #APP */
  97               	 ;  132 "Enkidu4.c" 1
  98 0050 0000      		NOP
  99               	 ;  0 "" 2
 100               	.LSM19:
 101               	/* #NOAPP */
 102 0052 0E94 0000 		call USB_Init
 103               	/* epilogue start */
 104               	.LSM20:
 105 0056 0895      		ret
 106               	.LFE103:
 108               		.section	.text.main,"ax",@progbits
 109               	.global	main
 111               	main:
 112               	.LFB102:
 113               	.LSM21:
 114               	/* prologue: function */
 115               	/* frame size = 0 */
 116               	/* stack size = 0 */
 117               	.L__stack_usage = 0
 118               	.LSM22:
 119 0000 0E94 0000 		call SetupHardware
 120               	.LSM23:
 121               	/* #APP */
 122               	 ;  40 "Enkidu4.c" 1
 123 0004 7894      		sei
 124               	 ;  0 "" 2
 125               	.LSM24:
 126               	/* #NOAPP */
 127 0006 0E94 0000 		call north_init
 128               	.LSM25:
 129 000a 0E94 0000 		call logic_test
 130               	.LSM26:
 131 000e 0E94 0000 		call logic_run
 132               	.LSM27:
 133 0012 80E0      		ldi r24,lo8(0)
 134 0014 90E0      		ldi r25,hi8(0)
 135               	/* epilogue start */
 136 0016 0895      		ret
 137               	.LFE102:
 139               		.section	.text.EVENT_USB_Device_Connect,"ax",@progbits
 140               	.global	EVENT_USB_Device_Connect
 142               	EVENT_USB_Device_Connect:
 143               	.LFB104:
 144               	.LSM28:
 145               	/* prologue: function */
 146               	/* frame size = 0 */
 147               	/* stack size = 0 */
 148               	.L__stack_usage = 0
 149               	/* epilogue start */
 150               	.LSM29:
 151 0000 0895      		ret
 152               	.LFE104:
 154               		.section	.text.EVENT_USB_Device_Disconnect,"ax",@progbits
 155               	.global	EVENT_USB_Device_Disconnect
 157               	EVENT_USB_Device_Disconnect:
 158               	.LFB105:
 159               	.LSM30:
 160               	/* prologue: function */
 161               	/* frame size = 0 */
 162               	/* stack size = 0 */
 163               	.L__stack_usage = 0
 164               	/* epilogue start */
 165               	.LSM31:
 166 0000 0895      		ret
 167               	.LFE105:
 169               		.section	.text.EVENT_USB_Device_ConfigurationChanged,"ax",@progbits
 170               	.global	EVENT_USB_Device_ConfigurationChanged
 172               	EVENT_USB_Device_ConfigurationChanged:
 173               	.LFB106:
 174               	.LSM32:
 175               	/* prologue: function */
 176               	/* frame size = 0 */
 177               	/* stack size = 0 */
 178               	.L__stack_usage = 0
 179               	.LVL1:
 180               	.LSM33:
 181 0000 80E0      		ldi r24,lo8(Keyboard_HID_Interface)
 182 0002 90E0      		ldi r25,hi8(Keyboard_HID_Interface)
 183 0004 0E94 0000 		call HID_Device_ConfigureEndpoints
 184               	.LVL2:
 185               	.LBB24:
 186               	.LBB25:
 187               	.LSM34:
 188 0008 E2EE      		ldi r30,lo8(226)
 189 000a F0E0      		ldi r31,hi8(226)
 190 000c 8081      		ld r24,Z
 191 000e 8460      		ori r24,lo8(4)
 192 0010 8083      		st Z,r24
 193               	/* epilogue start */
 194               	.LBE25:
 195               	.LBE24:
 196               	.LSM35:
 197 0012 0895      		ret
 198               	.LFE106:
 200               		.section	.text.EVENT_USB_Device_ControlRequest,"ax",@progbits
 201               	.global	EVENT_USB_Device_ControlRequest
 203               	EVENT_USB_Device_ControlRequest:
 204               	.LFB107:
 205               	.LSM36:
 206               	/* prologue: function */
 207               	/* frame size = 0 */
 208               	/* stack size = 0 */
 209               	.L__stack_usage = 0
 210               	.LSM37:
 211 0000 80E0      		ldi r24,lo8(Keyboard_HID_Interface)
 212 0002 90E0      		ldi r25,hi8(Keyboard_HID_Interface)
 213 0004 0E94 0000 		call HID_Device_ProcessControlRequest
 214               	/* epilogue start */
 215               	.LSM38:
 216 0008 0895      		ret
 217               	.LFE107:
 219               		.section	.text.EVENT_USB_Device_StartOfFrame,"ax",@progbits
 220               	.global	EVENT_USB_Device_StartOfFrame
 222               	EVENT_USB_Device_StartOfFrame:
 223               	.LFB108:
 224               	.LSM39:
 225               	/* prologue: function */
 226               	/* frame size = 0 */
 227               	/* stack size = 0 */
 228               	.L__stack_usage = 0
 229               	.LVL3:
 230               	.LBB26:
 231               	.LBB27:
 232               	.LSM40:
 233 0000 8091 0000 		lds r24,Keyboard_HID_Interface+11
 234 0004 9091 0000 		lds r25,Keyboard_HID_Interface+11+1
 235 0008 0097      		sbiw r24,0
 236 000a 01F0      		breq .L7
 237               	.LSM41:
 238 000c 0197      		sbiw r24,1
 239 000e 9093 0000 		sts Keyboard_HID_Interface+11+1,r25
 240 0012 8093 0000 		sts Keyboard_HID_Interface+11,r24
 241               	.L7:
 242 0016 0895      		ret
 243               	.LBE27:
 244               	.LBE26:
 245               	.LFE108:
 247               		.section	.text.CALLBACK_HID_Device_CreateHIDReport,"ax",@progbits
 248               	.global	CALLBACK_HID_Device_CreateHIDReport
 250               	CALLBACK_HID_Device_CreateHIDReport:
 251               	.LFB109:
 252               	.LSM42:
 253               	.LVL4:
 254 0000 0F93      		push r16
 255 0002 1F93      		push r17
 256               	/* prologue: function */
 257               	/* frame size = 0 */
 258               	/* stack size = 2 */
 259               	.L__stack_usage = 2
 260 0004 D801      		movw r26,r16
 261               	.LSM43:
 262 0006 F901      		movw r30,r18
 263               	.LVL5:
 264               	.LSM44:
 265 0008 1899      		sbic 35-32,0
 266 000a 00C0      		rjmp .L10
 267               	.LVL6:
 268               	.LSM45:
 269 000c 85E0      		ldi r24,lo8(5)
 270               	.LVL7:
 271 000e 00C0      		rjmp .L37
 272               	.LVL8:
 273               	.L10:
 274               	.LSM46:
 275 0010 1999      		sbic 35-32,1
 276 0012 00C0      		rjmp .L12
 277               	.LSM47:
 278 0014 85E0      		ldi r24,lo8(5)
 279               	.LVL9:
 280 0016 00C0      		rjmp .L44
 281               	.LVL10:
 282               	.L12:
 283               	.LSM48:
 284 0018 1A99      		sbic 35-32,2
 285 001a 00C0      		rjmp .L13
 286               	.LSM49:
 287 001c 85E0      		ldi r24,lo8(5)
 288               	.LVL11:
 289 001e 00C0      		rjmp .L38
 290               	.LVL12:
 291               	.L13:
 292               	.LSM50:
 293 0020 1B99      		sbic 35-32,3
 294 0022 00C0      		rjmp .L14
 295               	.LSM51:
 296 0024 85E0      		ldi r24,lo8(5)
 297               	.LVL13:
 298 0026 00C0      		rjmp .L39
 299               	.LVL14:
 300               	.L14:
 301               	.LSM52:
 302 0028 1C99      		sbic 35-32,4
 303 002a 00C0      		rjmp .L15
 304               	.LSM53:
 305 002c 85E0      		ldi r24,lo8(5)
 306               	.LVL15:
 307 002e 00C0      		rjmp .L40
 308               	.LVL16:
 309               	.L15:
 310               	.LSM54:
 311 0030 1D99      		sbic 35-32,5
 312 0032 00C0      		rjmp .L16
 313               	.LSM55:
 314 0034 85E0      		ldi r24,lo8(5)
 315               	.LVL17:
 316 0036 00C0      		rjmp .L41
 317               	.LVL18:
 318               	.L16:
 319               	.LSM56:
 320 0038 1E99      		sbic 35-32,6
 321 003a 00C0      		rjmp .L17
 322               	.LSM57:
 323 003c 85E0      		ldi r24,lo8(5)
 324               	.LVL19:
 325 003e 00C0      		rjmp .L42
 326               	.LVL20:
 327               	.L17:
 328               	.LSM58:
 329 0040 1F99      		sbic 35-32,7
 330 0042 00C0      		rjmp .L18
 331               	.LSM59:
 332 0044 85E0      		ldi r24,lo8(5)
 333               	.LVL21:
 334 0046 00C0      		rjmp .L43
 335               	.LVL22:
 336               	.L18:
 337               	.LSM60:
 338 0048 3699      		sbic 38-32,6
 339 004a 00C0      		rjmp .L19
 340               	.LSM61:
 341 004c 86E0      		ldi r24,lo8(6)
 342               	.LVL23:
 343 004e 00C0      		rjmp .L42
 344               	.LVL24:
 345               	.L19:
 346               	.LSM62:
 347 0050 3799      		sbic 38-32,7
 348 0052 00C0      		rjmp .L20
 349               	.LSM63:
 350 0054 86E0      		ldi r24,lo8(6)
 351               	.LVL25:
 352 0056 00C0      		rjmp .L43
 353               	.LVL26:
 354               	.L20:
 355               	.LSM64:
 356 0058 4899      		sbic 41-32,0
 357 005a 00C0      		rjmp .L21
 358               	.LSM65:
 359 005c 87E0      		ldi r24,lo8(7)
 360               	.LVL27:
 361 005e 00C0      		rjmp .L37
 362               	.LVL28:
 363               	.L21:
 364               	.LSM66:
 365 0060 4999      		sbic 41-32,1
 366 0062 00C0      		rjmp .L22
 367               	.LSM67:
 368 0064 87E0      		ldi r24,lo8(7)
 369               	.LVL29:
 370 0066 00C0      		rjmp .L44
 371               	.LVL30:
 372               	.L22:
 373               	.LSM68:
 374 0068 4A99      		sbic 41-32,2
 375 006a 00C0      		rjmp .L23
 376               	.LSM69:
 377 006c 87E0      		ldi r24,lo8(7)
 378               	.LVL31:
 379 006e 00C0      		rjmp .L38
 380               	.LVL32:
 381               	.L23:
 382               	.LSM70:
 383 0070 4B99      		sbic 41-32,3
 384 0072 00C0      		rjmp .L24
 385               	.LSM71:
 386 0074 87E0      		ldi r24,lo8(7)
 387               	.LVL33:
 388               	.L39:
 389 0076 8283      		std Z+2,r24
 390               	.LVL34:
 391               	.LSM72:
 392 0078 80E2      		ldi r24,lo8(32)
 393 007a 00C0      		rjmp .L36
 394               	.LVL35:
 395               	.L24:
 396               	.LSM73:
 397 007c 4C99      		sbic 41-32,4
 398 007e 00C0      		rjmp .L25
 399               	.LSM74:
 400 0080 87E0      		ldi r24,lo8(7)
 401               	.LVL36:
 402 0082 00C0      		rjmp .L40
 403               	.LVL37:
 404               	.L25:
 405               	.LSM75:
 406 0084 4D99      		sbic 41-32,5
 407 0086 00C0      		rjmp .L26
 408               	.LSM76:
 409 0088 87E0      		ldi r24,lo8(7)
 410               	.LVL38:
 411 008a 00C0      		rjmp .L41
 412               	.LVL39:
 413               	.L26:
 414               	.LSM77:
 415 008c 4E99      		sbic 41-32,6
 416 008e 00C0      		rjmp .L27
 417               	.LSM78:
 418 0090 87E0      		ldi r24,lo8(7)
 419               	.LVL40:
 420 0092 00C0      		rjmp .L42
 421               	.LVL41:
 422               	.L27:
 423               	.LSM79:
 424 0094 4F99      		sbic 41-32,7
 425 0096 00C0      		rjmp .L28
 426               	.LSM80:
 427 0098 87E0      		ldi r24,lo8(7)
 428               	.LVL42:
 429 009a 00C0      		rjmp .L43
 430               	.LVL43:
 431               	.L28:
 432               	.LSM81:
 433 009c 6299      		sbic 44-32,2
 434 009e 00C0      		rjmp .L29
 435               	.LSM82:
 436 00a0 88E0      		ldi r24,lo8(8)
 437               	.LVL44:
 438               	.L38:
 439 00a2 8283      		std Z+2,r24
 440               	.LVL45:
 441               	.LSM83:
 442 00a4 8FE1      		ldi r24,lo8(31)
 443 00a6 00C0      		rjmp .L36
 444               	.LVL46:
 445               	.L29:
 446               	.LSM84:
 447 00a8 6699      		sbic 44-32,6
 448 00aa 00C0      		rjmp .L30
 449               	.LSM85:
 450 00ac 88E0      		ldi r24,lo8(8)
 451               	.LVL47:
 452 00ae 00C0      		rjmp .L42
 453               	.LVL48:
 454               	.L30:
 455               	.LSM86:
 456 00b0 7899      		sbic 47-32,0
 457 00b2 00C0      		rjmp .L31
 458               	.LSM87:
 459 00b4 89E0      		ldi r24,lo8(9)
 460               	.LVL49:
 461               	.L37:
 462 00b6 8283      		std Z+2,r24
 463               	.LVL50:
 464               	.LSM88:
 465 00b8 87E2      		ldi r24,lo8(39)
 466 00ba 00C0      		rjmp .L36
 467               	.LVL51:
 468               	.L31:
 469               	.LSM89:
 470 00bc 7999      		sbic 47-32,1
 471 00be 00C0      		rjmp .L32
 472               	.LSM90:
 473 00c0 89E0      		ldi r24,lo8(9)
 474               	.LVL52:
 475               	.L44:
 476 00c2 8283      		std Z+2,r24
 477               	.LVL53:
 478               	.LSM91:
 479 00c4 8EE1      		ldi r24,lo8(30)
 480 00c6 00C0      		rjmp .L36
 481               	.LVL54:
 482               	.L32:
 483               	.LSM92:
 484 00c8 7C99      		sbic 47-32,4
 485 00ca 00C0      		rjmp .L33
 486               	.LSM93:
 487 00cc 89E0      		ldi r24,lo8(9)
 488               	.LVL55:
 489               	.L40:
 490 00ce 8283      		std Z+2,r24
 491               	.LVL56:
 492               	.LSM94:
 493 00d0 81E2      		ldi r24,lo8(33)
 494 00d2 00C0      		rjmp .L36
 495               	.LVL57:
 496               	.L33:
 497               	.LSM95:
 498 00d4 7D99      		sbic 47-32,5
 499 00d6 00C0      		rjmp .L34
 500               	.LSM96:
 501 00d8 89E0      		ldi r24,lo8(9)
 502               	.LVL58:
 503               	.L41:
 504 00da 8283      		std Z+2,r24
 505               	.LVL59:
 506               	.LSM97:
 507 00dc 82E2      		ldi r24,lo8(34)
 508 00de 00C0      		rjmp .L36
 509               	.LVL60:
 510               	.L34:
 511               	.LSM98:
 512 00e0 7E99      		sbic 47-32,6
 513 00e2 00C0      		rjmp .L35
 514               	.LSM99:
 515 00e4 89E0      		ldi r24,lo8(9)
 516               	.LVL61:
 517               	.L42:
 518 00e6 8283      		std Z+2,r24
 519               	.LVL62:
 520               	.LSM100:
 521 00e8 83E2      		ldi r24,lo8(35)
 522 00ea 00C0      		rjmp .L36
 523               	.LVL63:
 524               	.L35:
 525               	.LSM101:
 526 00ec 7F99      		sbic 47-32,7
 527 00ee 00C0      		rjmp .L11
 528               	.LSM102:
 529 00f0 89E0      		ldi r24,lo8(9)
 530               	.LVL64:
 531               	.L43:
 532 00f2 8283      		std Z+2,r24
 533               	.LVL65:
 534               	.LSM103:
 535 00f4 84E2      		ldi r24,lo8(36)
 536               	.L36:
 537 00f6 8383      		std Z+3,r24
 538               	.LVL66:
 539               	.L11:
 540               	.LSM104:
 541 00f8 88E0      		ldi r24,lo8(8)
 542 00fa 90E0      		ldi r25,hi8(8)
 543 00fc 1196      		adiw r26,1
 544 00fe 9C93      		st X,r25
 545 0100 8E93      		st -X,r24
 546               	.LSM105:
 547 0102 80E0      		ldi r24,lo8(0)
 548               	/* epilogue start */
 549 0104 1F91      		pop r17
 550 0106 0F91      		pop r16
 551               	.LVL67:
 552 0108 0895      		ret
 553               	.LFE109:
 555               		.section	.text.CALLBACK_HID_Device_ProcessHIDReport,"ax",@progbits
 556               	.global	CALLBACK_HID_Device_ProcessHIDReport
 558               	CALLBACK_HID_Device_ProcessHIDReport:
 559               	.LFB110:
 560               	.LSM106:
 561               	.LVL68:
 562               	/* prologue: function */
 563               	/* frame size = 0 */
 564               	/* stack size = 0 */
 565               	.L__stack_usage = 0
 566               	/* epilogue start */
 567               	.LSM107:
 568 0000 0895      		ret
 569               	.LFE110:
 571               	.global	Keyboard_HID_Interface
 572               		.data
 575               	Keyboard_HID_Interface:
 576 0000 00        		.byte	0
 577 0001 01        		.byte	1
 578 0002 0800      		.word	8
 579 0004 00        		.byte	0
 580 0005 0000      		.word	PrevKeyboardHIDReportBuffer
 581 0007 08        		.byte	8
 582 0008 0000 0000 		.skip 5,0
 582      00
 583               		.comm north_time,4,1
 584               		.comm north_buffer,2,1
 585               		.comm PrevKeyboardHIDReportBuffer,8,1
 674               	.Letext0:
DEFINED SYMBOLS
                            *ABS*:0000000000000000 Enkidu4.c
     /tmp/ccHwlvOt.s:2      *ABS*:000000000000003f __SREG__
     /tmp/ccHwlvOt.s:3      *ABS*:000000000000003e __SP_H__
     /tmp/ccHwlvOt.s:4      *ABS*:000000000000003d __SP_L__
     /tmp/ccHwlvOt.s:5      *ABS*:0000000000000034 __CCP__
     /tmp/ccHwlvOt.s:6      *ABS*:0000000000000000 __tmp_reg__
     /tmp/ccHwlvOt.s:7      *ABS*:0000000000000001 __zero_reg__
     /tmp/ccHwlvOt.s:19     .text.SetupHardware:0000000000000000 SetupHardware
     /tmp/ccHwlvOt.s:111    .text.main:0000000000000000 main
     /tmp/ccHwlvOt.s:142    .text.EVENT_USB_Device_Connect:0000000000000000 EVENT_USB_Device_Connect
     /tmp/ccHwlvOt.s:157    .text.EVENT_USB_Device_Disconnect:0000000000000000 EVENT_USB_Device_Disconnect
     /tmp/ccHwlvOt.s:172    .text.EVENT_USB_Device_ConfigurationChanged:0000000000000000 EVENT_USB_Device_ConfigurationChanged
     /tmp/ccHwlvOt.s:575    .data:0000000000000000 Keyboard_HID_Interface
     /tmp/ccHwlvOt.s:203    .text.EVENT_USB_Device_ControlRequest:0000000000000000 EVENT_USB_Device_ControlRequest
     /tmp/ccHwlvOt.s:222    .text.EVENT_USB_Device_StartOfFrame:0000000000000000 EVENT_USB_Device_StartOfFrame
     /tmp/ccHwlvOt.s:250    .text.CALLBACK_HID_Device_CreateHIDReport:0000000000000000 CALLBACK_HID_Device_CreateHIDReport
     /tmp/ccHwlvOt.s:558    .text.CALLBACK_HID_Device_ProcessHIDReport:0000000000000000 CALLBACK_HID_Device_ProcessHIDReport
                            *COM*:0000000000000008 PrevKeyboardHIDReportBuffer
                            *COM*:0000000000000004 north_time
                            *COM*:0000000000000002 north_buffer

UNDEFINED SYMBOLS
USB_Init
north_init
logic_test
logic_run
HID_Device_ConfigureEndpoints
HID_Device_ProcessControlRequest
__do_copy_data
__do_clear_bss
